// Vitest Snapshot v1, https://vitest.dev/guide/snapshot.html

exports[`DiceRoller > renders correctly 1`] = `
<div>
  <div
    class="dice-roller"
  >
    <div
      class="flex items-center"
    >
      <input
        class="bg-bg-alt border border-accent rounded-[var(--border-radius)] text-text flex-1 font-body p-2 transition-shadow focus:shadow-[0_0_5px_var(--color-accent)] focus:outline-none "
        placeholder="1d20"
        type="text"
        value="1d20"
      />
    </div>
    <button
      class="bg-bg-alt border border-accent rounded-[var(--border-radius)] text-accent cursor-pointer font-body font-bold tracking-wider py-2 px-4 uppercase transition-colors hover:bg-accent hover:text-bg "
    >
      Roll
    </button>
  </div>
</div>
`;
