// Vitest Snapshot v1, https://vitest.dev/guide/snapshot.html

exports[`Inventory handlers > renders correctly 1`] = `
<div>
  <div
    class="inventory"
  >
    <h2>
      Inventory 
      <button
        class="bg-bg-alt border border-accent rounded-[var(--border-radius)] text-accent cursor-pointer font-body font-bold tracking-wider py-2 px-4 uppercase transition-colors hover:bg-accent hover:text-bg "
      >
        Add
      </button>
    </h2>
    <ul />
    <div
      id="DndDescribedBy-2"
      style="display: none;"
    >
      
    To pick up a draggable item, press the space bar.
    While dragging, use the arrow keys to move the item.
    Press space again to drop the item in its new position, or press escape to cancel.
  
    </div>
    <div
      aria-atomic="true"
      aria-live="assertive"
      id="DndLiveRegion-2"
      role="status"
      style="position: fixed; top: 0px; left: 0px; width: 1px; height: 1px; margin: -1px; border: 0px; padding: 0px; overflow: hidden; clip-path: inset(100%); white-space: nowrap;"
    />
    <h2>
      Scrolls 
      <button
        class="bg-bg-alt border border-accent rounded-[var(--border-radius)] text-accent cursor-pointer font-body font-bold tracking-wider py-2 px-4 uppercase transition-colors hover:bg-accent hover:text-bg "
      >
        Add
      </button>
    </h2>
    <ul
      class="scrolls"
    />
    <div
      id="DndDescribedBy-3"
      style="display: none;"
    >
      
    To pick up a draggable item, press the space bar.
    While dragging, use the arrow keys to move the item.
    Press space again to drop the item in its new position, or press escape to cancel.
  
    </div>
    <div
      aria-atomic="true"
      aria-live="assertive"
      id="DndLiveRegion-3"
      role="status"
      style="position: fixed; top: 0px; left: 0px; width: 1px; height: 1px; margin: -1px; border: 0px; padding: 0px; overflow: hidden; clip-path: inset(100%); white-space: nowrap;"
    />
  </div>
</div>
`;
