// Vitest Snapshot v1, https://vitest.dev/guide/snapshot.html

exports[`InventoryLookup overlay > renders correctly 1`] = `
<div>
  <button
    class="bg-bg-alt border border-accent rounded-[var(--border-radius)] text-accent cursor-pointer font-body font-bold tracking-wider py-2 px-4 uppercase transition-colors hover:bg-accent hover:text-bg badge"
    type="button"
  >
    Inventory
  </button>
</div>
`;
