// Vitest Snapshot v1, https://vitest.dev/guide/snapshot.html

exports[`SheetPage navigation > renders correctly 1`] = `
<div>
  <div
    class="container"
  >
    <header
      class="page-header"
    >
      <h1>
        Open Roll
      </h1>
      <div
        class="page-header-actions"
      >
        <a
          data-discover="true"
          href="/characters"
        >
          Characters
        </a>
      </div>
    </header>
    <div
      class="mb-4 flex items-center gap-2 max-[400px]:flex-col max-[400px]:items-stretch max-[400px]:gap-1"
    >
      <div
        class="flex items-center"
      >
        <input
          class="bg-bg-alt border border-accent rounded-[var(--border-radius)] text-text flex-1 font-body p-2 transition-shadow focus:shadow-[0_0_5px_var(--color-accent)] focus:outline-none "
          placeholder="1d20"
          type="text"
          value="1d20"
        />
      </div>
      <button
        class="bg-bg-alt border border-accent rounded-[var(--border-radius)] text-accent cursor-pointer font-body font-bold tracking-wider py-2 px-4 uppercase transition-colors hover:bg-accent hover:text-bg max-[400px]:w-full"
      >
        Roll
      </button>
    </div>
    <section
      class="section"
    >
      <header
        class="section-header"
      >
        <h2>
          Character
        </h2>
        <div
          class="section-actions"
        >
          <div
            class="flex "
            role="tablist"
          >
            <button
              aria-controls="«r0»-panel-character"
              aria-selected="true"
              class="bg-bg-alt border border-accent rounded-[var(--border-radius)] text-accent cursor-pointer font-body font-bold tracking-wider py-2 px-4 uppercase transition-colors hover:bg-accent hover:text-bg flex-1 bg-accent text-bg "
              id="«r0»-tab-character"
              role="tab"
              tabindex="0"
            >
              Character
            </button>
            <button
              aria-controls="«r0»-panel-inventory"
              aria-selected="false"
              class="bg-bg-alt border border-accent rounded-[var(--border-radius)] text-accent cursor-pointer font-body font-bold tracking-wider py-2 px-4 uppercase transition-colors hover:bg-accent hover:text-bg flex-1 "
              id="«r0»-tab-inventory"
              role="tab"
              tabindex="-1"
            >
              Inventory
            </button>
            <button
              aria-controls="«r0»-panel-notes"
              aria-selected="false"
              class="bg-bg-alt border border-accent rounded-[var(--border-radius)] text-accent cursor-pointer font-body font-bold tracking-wider py-2 px-4 uppercase transition-colors hover:bg-accent hover:text-bg flex-1 "
              id="«r0»-tab-notes"
              role="tab"
              tabindex="-1"
            >
              Notes
            </button>
            <button
              aria-controls="«r0»-panel-log"
              aria-selected="false"
              class="bg-bg-alt border border-accent rounded-[var(--border-radius)] text-accent cursor-pointer font-body font-bold tracking-wider py-2 px-4 uppercase transition-colors hover:bg-accent hover:text-bg flex-1 "
              id="«r0»-tab-log"
              role="tab"
              tabindex="-1"
            >
              Log
            </button>
          </div>
        </div>
      </header>
      <div
        aria-labelledby="«r0»-tab-character"
        class=""
        id="«r0»-panel-character"
        role="tabpanel"
      >
        <div
          class="sheet"
        >
          <div
            aria-label="Hit Points"
            class="hp-bar select-none"
          >
            <div
              aria-valuemax="0"
              aria-valuemin="0"
              aria-valuenow="0"
              aria-valuetext="0 of 0"
              class="relative w-full h-9 rounded-sm border-2 border-yellow-400 bg-[#0a0a0a] shadow-[0_0_0_1px_rgba(0,0,0,0.8),inset_0_0_12px_rgba(0,0,0,0.8)] animate-pulse"
              role="progressbar"
              style="background-image: radial-gradient(1px 1px at 10% 20%, rgba(255,255,255,.06) 50%, transparent 51%), radial-gradient(1px 1px at 70% 80%, rgba(255,255,255,.05) 50%, transparent 51%), radial-gradient(1px 1px at 30% 60%, rgba(255,255,255,.04) 50%, transparent 51%), radial-gradient(1px 1px at 50% 30%, rgba(255,255,255,.06) 50%, transparent 51%), repeating-linear-gradient(to right, rgba(0,0,0,.28) 0 1px, transparent 1px 8%); background-size: auto, 8% 100%; image-rendering: pixelated;"
            >
              <div
                aria-hidden="true"
                class="absolute inset-y-0 left-0 bg-red-600 transition-[width] duration-200 ease-out"
                style="width: 0%;"
              />
              <div
                class="absolute inset-0 grid place-items-center text-xs md:text-sm font-black tracking-wide text-yellow-50 drop-shadow-[0_1px_0_rgba(0,0,0,0.9)]"
              >
                0
                /
                0
              </div>
              <div
                aria-hidden="true"
                class="absolute left-0 right-0 -top-px h-px opacity-60"
                style="background: repeating-linear-gradient(90deg, rgba(255,255,255,.12) 0 2px, transparent 2px 6px);"
              />
            </div>
            <div
              class="mt-1 grid grid-cols-2 gap-1"
            >
              <div
                class="flex"
              >
                <button
                  aria-label="Decrease HP"
                  class="bg-bg-alt border border-accent rounded-[var(--border-radius)] text-accent cursor-pointer font-body font-bold tracking-wider py-2 px-4 uppercase transition-colors hover:bg-accent hover:text-bg flex-1 px-2 py-1 text-xs border border-yellow-500 bg-black/70 hover:bg-black/50 focus-visible:outline-none focus-visible:ring-2 focus-visible:ring-yellow-400"
                  title="HP −1"
                  type="button"
                >
                  − HP
                </button>
                <button
                  aria-label="Increase HP"
                  class="bg-bg-alt border border-accent rounded-[var(--border-radius)] text-accent cursor-pointer font-body font-bold tracking-wider py-2 px-4 uppercase transition-colors hover:bg-accent hover:text-bg ml-1 flex-1 px-2 py-1 text-xs border border-yellow-500 bg-black/70 hover:bg-black/50 focus-visible:outline-none focus-visible:ring-2 focus-visible:ring-yellow-400"
                  title="HP +1"
                  type="button"
                >
                  + HP
                </button>
              </div>
              <div
                class="flex"
              >
                <button
                  aria-label="Decrease maximum HP"
                  class="bg-bg-alt border border-accent rounded-[var(--border-radius)] text-accent cursor-pointer font-body font-bold tracking-wider py-2 px-4 uppercase transition-colors hover:bg-accent hover:text-bg flex-1 px-2 py-1 text-xs border border-neutral-600 bg-black/70 hover:bg-black/50 focus-visible:outline-none focus-visible:ring-2 focus-visible:ring-neutral-400"
                  title="Max −1"
                  type="button"
                >
                  − Max
                </button>
                <button
                  aria-label="Increase maximum HP"
                  class="bg-bg-alt border border-accent rounded-[var(--border-radius)] text-accent cursor-pointer font-body font-bold tracking-wider py-2 px-4 uppercase transition-colors hover:bg-accent hover:text-bg ml-1 flex-1 px-2 py-1 text-xs border border-neutral-600 bg-black/70 hover:bg-black/50 focus-visible:outline-none focus-visible:ring-2 focus-visible:ring-neutral-400"
                  title="Max +1"
                  type="button"
                >
                  + Max
                </button>
              </div>
            </div>
          </div>
          <div
            class="flex flew-row flex-wrap justify-between"
          >
            <div
              class="flex flex-col"
            >
              <label
                for="stat-str"
              >
                STR
              </label>
              <div
                aria-labelledby="stat-str-label"
                class="group inline-flex items-center gap-2"
                role="group"
              >
                <span
                  class="sr-only"
                  id="stat-str-label"
                >
                  STAT-STR
                   stat
                </span>
                <button
                  aria-label="Decrease STAT-STR"
                  class="bg-bg-alt border border-accent rounded-[var(--border-radius)] text-accent cursor-pointer font-body font-bold tracking-wider py-2 px-4 uppercase transition-colors hover:bg-accent hover:text-bg h-10 w-10 p-0 grid place-items-center rounded border border-yellow-500 bg-black/70 hover:bg-black/50 active:translate-y-px text-yellow-100 focus-visible:outline-none focus-visible:ring-2 focus-visible:ring-yellow-400"
                  title="Decrease STAT-STR"
                  type="button"
                >
                  −
                </button>
                <div
                  class="relative h-10 w-20 rounded grid place-items-center border-2 border-yellow-400 bg-[#0b1220] shadow-[inset_0_0_12px_rgba(0,0,0,.85)]"
                >
                  <label
                    class="sr-only"
                    for="stat-str"
                  >
                    STAT-STR
                     value
                  </label>
                  <div
                    class="flex items-center"
                  >
                    <input
                      aria-describedby="stat-str-hint"
                      class="bg-bg-alt border border-accent rounded-[var(--border-radius)] text-text flex-1 font-body p-2 transition-shadow focus:shadow-[0_0_5px_var(--color-accent)] focus:outline-none absolute inset-0 w-full h-full bg-transparent border-0 text-center text-base font-extrabold text-yellow-50 font-mono tabular-nums focus-visible:outline-none focus-visible:ring-2 focus-visible:ring-yellow-400"
                      id="stat-str"
                      inputmode="numeric"
                      type="number"
                      value="0"
                    />
                  </div>
                  <div
                    aria-hidden="true"
                    class="pointer-events-none absolute -top-px left-0 right-0 h-px opacity-70"
                    style="background: repeating-linear-gradient(90deg, rgba(255,255,255,.12) 0 2px, transparent 2px 6px);"
                  />
                </div>
                <button
                  aria-label="Increase STAT-STR"
                  class="bg-bg-alt border border-accent rounded-[var(--border-radius)] text-accent cursor-pointer font-body font-bold tracking-wider py-2 px-4 uppercase transition-colors hover:bg-accent hover:text-bg h-10 w-10 p-0 grid place-items-center rounded border border-yellow-500 bg-black/70 hover:bg-black/50 active:translate-y-px text-yellow-100 focus-visible:outline-none focus-visible:ring-2 focus-visible:ring-yellow-400"
                  title="Increase STAT-STR"
                  type="button"
                >
                  +
                </button>
                <button
                  aria-keyshortcuts="Enter, Shift+Enter"
                  aria-label="Roll STAT-STR (Shift+Enter for advantage or long-press)"
                  class="bg-bg-alt border border-accent rounded-[var(--border-radius)] text-accent cursor-pointer font-body font-bold tracking-wider py-2 px-4 uppercase transition-colors hover:bg-accent hover:text-bg h-10 w-10 p-2 rounded border bg-black/70 hover:bg-black/50 active:translate-y-px focus-visible:outline-none focus-visible:ring-2 border-blue-400 focus-visible:ring-blue-400"
                  title="Enter: Roll • Shift+Enter: Advantage • Long-press: Advantage"
                  type="button"
                />
                <button
                  aria-label="Edit STAT-STR notation"
                  class="bg-bg-alt border border-accent rounded-[var(--border-radius)] text-accent cursor-pointer font-body font-bold tracking-wider py-2 px-4 uppercase transition-colors hover:bg-accent hover:text-bg h-10 w-10 p-2 rounded border border-neutral-600 bg-black/70 hover:bg-black/50 focus-visible:outline-none focus-visible:ring-2 focus-visible:ring-neutral-400 opacity-0 group-hover:opacity-100 group-focus-within:opacity-100 transition-opacity"
                  title="Edit notation"
                  type="button"
                />
                <span
                  class="sr-only"
                  id="stat-str-hint"
                >
                  Use minus and plus to change 
                  STAT-STR
                  . Type a number, or use arrow keys in the field. Press Enter to roll. 
                  Press Shift+Enter or long-press to roll with advantage.
                </span>
                <div
                  aria-live="polite"
                  class="sr-only"
                >
                  STAT-STR 0
                </div>
              </div>
            </div>
            <div
              class="flex flex-col"
            >
              <label
                for="stat-agi"
              >
                AGI
              </label>
              <div
                aria-labelledby="stat-agi-label"
                class="group inline-flex items-center gap-2"
                role="group"
              >
                <span
                  class="sr-only"
                  id="stat-agi-label"
                >
                  STAT-AGI
                   stat
                </span>
                <button
                  aria-label="Decrease STAT-AGI"
                  class="bg-bg-alt border border-accent rounded-[var(--border-radius)] text-accent cursor-pointer font-body font-bold tracking-wider py-2 px-4 uppercase transition-colors hover:bg-accent hover:text-bg h-10 w-10 p-0 grid place-items-center rounded border border-yellow-500 bg-black/70 hover:bg-black/50 active:translate-y-px text-yellow-100 focus-visible:outline-none focus-visible:ring-2 focus-visible:ring-yellow-400"
                  title="Decrease STAT-AGI"
                  type="button"
                >
                  −
                </button>
                <div
                  class="relative h-10 w-20 rounded grid place-items-center border-2 border-yellow-400 bg-[#0b1220] shadow-[inset_0_0_12px_rgba(0,0,0,.85)]"
                >
                  <label
                    class="sr-only"
                    for="stat-agi"
                  >
                    STAT-AGI
                     value
                  </label>
                  <div
                    class="flex items-center"
                  >
                    <input
                      aria-describedby="stat-agi-hint"
                      class="bg-bg-alt border border-accent rounded-[var(--border-radius)] text-text flex-1 font-body p-2 transition-shadow focus:shadow-[0_0_5px_var(--color-accent)] focus:outline-none absolute inset-0 w-full h-full bg-transparent border-0 text-center text-base font-extrabold text-yellow-50 font-mono tabular-nums focus-visible:outline-none focus-visible:ring-2 focus-visible:ring-yellow-400"
                      id="stat-agi"
                      inputmode="numeric"
                      type="number"
                      value="0"
                    />
                  </div>
                  <div
                    aria-hidden="true"
                    class="pointer-events-none absolute -top-px left-0 right-0 h-px opacity-70"
                    style="background: repeating-linear-gradient(90deg, rgba(255,255,255,.12) 0 2px, transparent 2px 6px);"
                  />
                </div>
                <button
                  aria-label="Increase STAT-AGI"
                  class="bg-bg-alt border border-accent rounded-[var(--border-radius)] text-accent cursor-pointer font-body font-bold tracking-wider py-2 px-4 uppercase transition-colors hover:bg-accent hover:text-bg h-10 w-10 p-0 grid place-items-center rounded border border-yellow-500 bg-black/70 hover:bg-black/50 active:translate-y-px text-yellow-100 focus-visible:outline-none focus-visible:ring-2 focus-visible:ring-yellow-400"
                  title="Increase STAT-AGI"
                  type="button"
                >
                  +
                </button>
                <button
                  aria-keyshortcuts="Enter, Shift+Enter"
                  aria-label="Roll STAT-AGI (Shift+Enter for advantage or long-press)"
                  class="bg-bg-alt border border-accent rounded-[var(--border-radius)] text-accent cursor-pointer font-body font-bold tracking-wider py-2 px-4 uppercase transition-colors hover:bg-accent hover:text-bg h-10 w-10 p-2 rounded border bg-black/70 hover:bg-black/50 active:translate-y-px focus-visible:outline-none focus-visible:ring-2 border-blue-400 focus-visible:ring-blue-400"
                  title="Enter: Roll • Shift+Enter: Advantage • Long-press: Advantage"
                  type="button"
                />
                <button
                  aria-label="Edit STAT-AGI notation"
                  class="bg-bg-alt border border-accent rounded-[var(--border-radius)] text-accent cursor-pointer font-body font-bold tracking-wider py-2 px-4 uppercase transition-colors hover:bg-accent hover:text-bg h-10 w-10 p-2 rounded border border-neutral-600 bg-black/70 hover:bg-black/50 focus-visible:outline-none focus-visible:ring-2 focus-visible:ring-neutral-400 opacity-0 group-hover:opacity-100 group-focus-within:opacity-100 transition-opacity"
                  title="Edit notation"
                  type="button"
                />
                <span
                  class="sr-only"
                  id="stat-agi-hint"
                >
                  Use minus and plus to change 
                  STAT-AGI
                  . Type a number, or use arrow keys in the field. Press Enter to roll. 
                  Press Shift+Enter or long-press to roll with advantage.
                </span>
                <div
                  aria-live="polite"
                  class="sr-only"
                >
                  STAT-AGI 0
                </div>
              </div>
            </div>
            <div
              class="flex flex-col"
            >
              <label
                for="stat-pre"
              >
                PRE
              </label>
              <div
                aria-labelledby="stat-pre-label"
                class="group inline-flex items-center gap-2"
                role="group"
              >
                <span
                  class="sr-only"
                  id="stat-pre-label"
                >
                  STAT-PRE
                   stat
                </span>
                <button
                  aria-label="Decrease STAT-PRE"
                  class="bg-bg-alt border border-accent rounded-[var(--border-radius)] text-accent cursor-pointer font-body font-bold tracking-wider py-2 px-4 uppercase transition-colors hover:bg-accent hover:text-bg h-10 w-10 p-0 grid place-items-center rounded border border-yellow-500 bg-black/70 hover:bg-black/50 active:translate-y-px text-yellow-100 focus-visible:outline-none focus-visible:ring-2 focus-visible:ring-yellow-400"
                  title="Decrease STAT-PRE"
                  type="button"
                >
                  −
                </button>
                <div
                  class="relative h-10 w-20 rounded grid place-items-center border-2 border-yellow-400 bg-[#0b1220] shadow-[inset_0_0_12px_rgba(0,0,0,.85)]"
                >
                  <label
                    class="sr-only"
                    for="stat-pre"
                  >
                    STAT-PRE
                     value
                  </label>
                  <div
                    class="flex items-center"
                  >
                    <input
                      aria-describedby="stat-pre-hint"
                      class="bg-bg-alt border border-accent rounded-[var(--border-radius)] text-text flex-1 font-body p-2 transition-shadow focus:shadow-[0_0_5px_var(--color-accent)] focus:outline-none absolute inset-0 w-full h-full bg-transparent border-0 text-center text-base font-extrabold text-yellow-50 font-mono tabular-nums focus-visible:outline-none focus-visible:ring-2 focus-visible:ring-yellow-400"
                      id="stat-pre"
                      inputmode="numeric"
                      type="number"
                      value="0"
                    />
                  </div>
                  <div
                    aria-hidden="true"
                    class="pointer-events-none absolute -top-px left-0 right-0 h-px opacity-70"
                    style="background: repeating-linear-gradient(90deg, rgba(255,255,255,.12) 0 2px, transparent 2px 6px);"
                  />
                </div>
                <button
                  aria-label="Increase STAT-PRE"
                  class="bg-bg-alt border border-accent rounded-[var(--border-radius)] text-accent cursor-pointer font-body font-bold tracking-wider py-2 px-4 uppercase transition-colors hover:bg-accent hover:text-bg h-10 w-10 p-0 grid place-items-center rounded border border-yellow-500 bg-black/70 hover:bg-black/50 active:translate-y-px text-yellow-100 focus-visible:outline-none focus-visible:ring-2 focus-visible:ring-yellow-400"
                  title="Increase STAT-PRE"
                  type="button"
                >
                  +
                </button>
                <button
                  aria-keyshortcuts="Enter, Shift+Enter"
                  aria-label="Roll STAT-PRE (Shift+Enter for advantage or long-press)"
                  class="bg-bg-alt border border-accent rounded-[var(--border-radius)] text-accent cursor-pointer font-body font-bold tracking-wider py-2 px-4 uppercase transition-colors hover:bg-accent hover:text-bg h-10 w-10 p-2 rounded border bg-black/70 hover:bg-black/50 active:translate-y-px focus-visible:outline-none focus-visible:ring-2 border-blue-400 focus-visible:ring-blue-400"
                  title="Enter: Roll • Shift+Enter: Advantage • Long-press: Advantage"
                  type="button"
                />
                <button
                  aria-label="Edit STAT-PRE notation"
                  class="bg-bg-alt border border-accent rounded-[var(--border-radius)] text-accent cursor-pointer font-body font-bold tracking-wider py-2 px-4 uppercase transition-colors hover:bg-accent hover:text-bg h-10 w-10 p-2 rounded border border-neutral-600 bg-black/70 hover:bg-black/50 focus-visible:outline-none focus-visible:ring-2 focus-visible:ring-neutral-400 opacity-0 group-hover:opacity-100 group-focus-within:opacity-100 transition-opacity"
                  title="Edit notation"
                  type="button"
                />
                <span
                  class="sr-only"
                  id="stat-pre-hint"
                >
                  Use minus and plus to change 
                  STAT-PRE
                  . Type a number, or use arrow keys in the field. Press Enter to roll. 
                  Press Shift+Enter or long-press to roll with advantage.
                </span>
                <div
                  aria-live="polite"
                  class="sr-only"
                >
                  STAT-PRE 0
                </div>
              </div>
            </div>
            <div
              class="flex flex-col"
            >
              <label
                for="stat-tou"
              >
                TOU
              </label>
              <div
                aria-labelledby="stat-tou-label"
                class="group inline-flex items-center gap-2"
                role="group"
              >
                <span
                  class="sr-only"
                  id="stat-tou-label"
                >
                  STAT-TOU
                   stat
                </span>
                <button
                  aria-label="Decrease STAT-TOU"
                  class="bg-bg-alt border border-accent rounded-[var(--border-radius)] text-accent cursor-pointer font-body font-bold tracking-wider py-2 px-4 uppercase transition-colors hover:bg-accent hover:text-bg h-10 w-10 p-0 grid place-items-center rounded border border-yellow-500 bg-black/70 hover:bg-black/50 active:translate-y-px text-yellow-100 focus-visible:outline-none focus-visible:ring-2 focus-visible:ring-yellow-400"
                  title="Decrease STAT-TOU"
                  type="button"
                >
                  −
                </button>
                <div
                  class="relative h-10 w-20 rounded grid place-items-center border-2 border-yellow-400 bg-[#0b1220] shadow-[inset_0_0_12px_rgba(0,0,0,.85)]"
                >
                  <label
                    class="sr-only"
                    for="stat-tou"
                  >
                    STAT-TOU
                     value
                  </label>
                  <div
                    class="flex items-center"
                  >
                    <input
                      aria-describedby="stat-tou-hint"
                      class="bg-bg-alt border border-accent rounded-[var(--border-radius)] text-text flex-1 font-body p-2 transition-shadow focus:shadow-[0_0_5px_var(--color-accent)] focus:outline-none absolute inset-0 w-full h-full bg-transparent border-0 text-center text-base font-extrabold text-yellow-50 font-mono tabular-nums focus-visible:outline-none focus-visible:ring-2 focus-visible:ring-yellow-400"
                      id="stat-tou"
                      inputmode="numeric"
                      type="number"
                      value="0"
                    />
                  </div>
                  <div
                    aria-hidden="true"
                    class="pointer-events-none absolute -top-px left-0 right-0 h-px opacity-70"
                    style="background: repeating-linear-gradient(90deg, rgba(255,255,255,.12) 0 2px, transparent 2px 6px);"
                  />
                </div>
                <button
                  aria-label="Increase STAT-TOU"
                  class="bg-bg-alt border border-accent rounded-[var(--border-radius)] text-accent cursor-pointer font-body font-bold tracking-wider py-2 px-4 uppercase transition-colors hover:bg-accent hover:text-bg h-10 w-10 p-0 grid place-items-center rounded border border-yellow-500 bg-black/70 hover:bg-black/50 active:translate-y-px text-yellow-100 focus-visible:outline-none focus-visible:ring-2 focus-visible:ring-yellow-400"
                  title="Increase STAT-TOU"
                  type="button"
                >
                  +
                </button>
                <button
                  aria-keyshortcuts="Enter, Shift+Enter"
                  aria-label="Roll STAT-TOU (Shift+Enter for advantage or long-press)"
                  class="bg-bg-alt border border-accent rounded-[var(--border-radius)] text-accent cursor-pointer font-body font-bold tracking-wider py-2 px-4 uppercase transition-colors hover:bg-accent hover:text-bg h-10 w-10 p-2 rounded border bg-black/70 hover:bg-black/50 active:translate-y-px focus-visible:outline-none focus-visible:ring-2 border-blue-400 focus-visible:ring-blue-400"
                  title="Enter: Roll • Shift+Enter: Advantage • Long-press: Advantage"
                  type="button"
                />
                <button
                  aria-label="Edit STAT-TOU notation"
                  class="bg-bg-alt border border-accent rounded-[var(--border-radius)] text-accent cursor-pointer font-body font-bold tracking-wider py-2 px-4 uppercase transition-colors hover:bg-accent hover:text-bg h-10 w-10 p-2 rounded border border-neutral-600 bg-black/70 hover:bg-black/50 focus-visible:outline-none focus-visible:ring-2 focus-visible:ring-neutral-400 opacity-0 group-hover:opacity-100 group-focus-within:opacity-100 transition-opacity"
                  title="Edit notation"
                  type="button"
                />
                <span
                  class="sr-only"
                  id="stat-tou-hint"
                >
                  Use minus and plus to change 
                  STAT-TOU
                  . Type a number, or use arrow keys in the field. Press Enter to roll. 
                  Press Shift+Enter or long-press to roll with advantage.
                </span>
                <div
                  aria-live="polite"
                  class="sr-only"
                >
                  STAT-TOU 0
                </div>
              </div>
            </div>
          </div>
          <div
            class="flex flex-col"
          >
            <label
              for="character"
            >
              Character
            </label>
            <div
              class="flex items-center"
            >
              <input
                class="bg-bg-alt border border-accent rounded-[var(--border-radius)] text-text flex-1 font-body p-2 transition-shadow focus:shadow-[0_0_5px_var(--color-accent)] focus:outline-none "
                id="character"
                value=""
              />
            </div>
          </div>
          <div
            class="flex flex-col"
          >
            <label
              for="class"
            >
              Class
            </label>
            <div
              class="flex items-center"
            >
              <select
                class="bg-bg-alt border border-accent rounded-[var(--border-radius)] text-text flex-1 font-body p-2 transition-shadow focus:shadow-[0_0_5px_var(--color-accent)] focus:outline-none "
                id="class"
              >
                <option
                  value=""
                >
                  No class
                </option>
                <option
                  value="Fanged Deserter"
                >
                  Fanged Deserter
                </option>
                <option
                  value="Gutterborn Scum"
                >
                  Gutterborn Scum
                </option>
                <option
                  value="Esoteric Hermit"
                >
                  Esoteric Hermit
                </option>
                <option
                  value="Heretical Priest"
                >
                  Heretical Priest
                </option>
                <option
                  value="Occult Herbalist"
                >
                  Occult Herbalist
                </option>
                <option
                  value="Wretched Royalty"
                >
                  Wretched Royalty
                </option>
              </select>
            </div>
          </div>
          <div
            class="flex flex-col"
          >
            <label
              for="trait"
            >
              Trait
            </label>
            <div
              class="flex items-center"
            >
              <input
                class="bg-bg-alt border border-accent rounded-[var(--border-radius)] text-text flex-1 font-body p-2 transition-shadow focus:shadow-[0_0_5px_var(--color-accent)] focus:outline-none "
                id="trait"
                value=""
              />
            </div>
          </div>
          <div
            class="flex flex-col"
          >
            <label
              for="background"
            >
              Background
            </label>
            <div
              class="flex items-center"
            >
              <input
                class="bg-bg-alt border border-accent rounded-[var(--border-radius)] text-text flex-1 font-body p-2 transition-shadow focus:shadow-[0_0_5px_var(--color-accent)] focus:outline-none "
                id="background"
                value=""
              />
            </div>
          </div>
          <div
            class="secondary-stats"
          >
            <div
              class="flex flex-col"
            >
              <label
                for="armor"
              >
                Armor
              </label>
              <div
                class="numeric-input"
              >
                <button
                  aria-label="Decrease value"
                  class="bg-bg-alt border border-accent rounded-[var(--border-radius)] text-accent cursor-pointer font-body font-bold tracking-wider py-2 px-4 uppercase transition-colors hover:bg-accent hover:text-bg numeric-input-button"
                  type="button"
                >
                  −
                </button>
                <div
                  class="flex items-center"
                >
                  <input
                    class="bg-bg-alt border border-accent rounded-[var(--border-radius)] text-text flex-1 font-body p-2 transition-shadow focus:shadow-[0_0_5px_var(--color-accent)] focus:outline-none numeric-input-field"
                    id="armor"
                    min="0"
                    step="1"
                    type="number"
                    value="0"
                  />
                </div>
                <button
                  aria-label="Increase value"
                  class="bg-bg-alt border border-accent rounded-[var(--border-radius)] text-accent cursor-pointer font-body font-bold tracking-wider py-2 px-4 uppercase transition-colors hover:bg-accent hover:text-bg numeric-input-button"
                  type="button"
                >
                  +
                </button>
              </div>
            </div>
            <div
              class="flex flex-col"
            >
              <label
                for="omens"
              >
                Omens
              </label>
              <div
                class="numeric-input"
              >
                <button
                  aria-label="Decrease value"
                  class="bg-bg-alt border border-accent rounded-[var(--border-radius)] text-accent cursor-pointer font-body font-bold tracking-wider py-2 px-4 uppercase transition-colors hover:bg-accent hover:text-bg numeric-input-button"
                  type="button"
                >
                  −
                </button>
                <div
                  class="flex items-center"
                >
                  <input
                    class="bg-bg-alt border border-accent rounded-[var(--border-radius)] text-text flex-1 font-body p-2 transition-shadow focus:shadow-[0_0_5px_var(--color-accent)] focus:outline-none numeric-input-field"
                    id="omens"
                    min="0"
                    step="1"
                    type="number"
                    value="0"
                  />
                </div>
                <button
                  aria-label="Increase value"
                  class="bg-bg-alt border border-accent rounded-[var(--border-radius)] text-accent cursor-pointer font-body font-bold tracking-wider py-2 px-4 uppercase transition-colors hover:bg-accent hover:text-bg numeric-input-button"
                  type="button"
                >
                  +
                </button>
              </div>
            </div>
            <div
              class="flex flex-col"
            >
              <label
                for="silver"
              >
                Silver
              </label>
              <div
                class="numeric-input"
              >
                <button
                  aria-label="Decrease value"
                  class="bg-bg-alt border border-accent rounded-[var(--border-radius)] text-accent cursor-pointer font-body font-bold tracking-wider py-2 px-4 uppercase transition-colors hover:bg-accent hover:text-bg numeric-input-button"
                  type="button"
                >
                  −
                </button>
                <div
                  class="flex items-center"
                >
                  <input
                    class="bg-bg-alt border border-accent rounded-[var(--border-radius)] text-text flex-1 font-body p-2 transition-shadow focus:shadow-[0_0_5px_var(--color-accent)] focus:outline-none numeric-input-field"
                    id="silver"
                    min="0"
                    step="1"
                    type="number"
                    value="0"
                  />
                </div>
                <button
                  aria-label="Increase value"
                  class="bg-bg-alt border border-accent rounded-[var(--border-radius)] text-accent cursor-pointer font-body font-bold tracking-wider py-2 px-4 uppercase transition-colors hover:bg-accent hover:text-bg numeric-input-button"
                  type="button"
                >
                  +
                </button>
              </div>
            </div>
          </div>
        </div>
      </div>
      <div
        aria-labelledby="«r0»-tab-inventory"
        class=""
        hidden=""
        id="«r0»-panel-inventory"
        role="tabpanel"
      />
      <div
        aria-labelledby="«r0»-tab-notes"
        class=""
        hidden=""
        id="«r0»-panel-notes"
        role="tabpanel"
      />
      <div
        aria-labelledby="«r0»-tab-log"
        class=""
        hidden=""
        id="«r0»-panel-log"
        role="tabpanel"
      />
    </section>
  </div>
</div>
`;
