// Vitest Snapshot v1, https://vitest.dev/guide/snapshot.html

exports[`oml rendering > renders correctly 1`] = `
<div>
  <div>
    <span
      style="white-space: break-spaces;"
    >
      Roll 
    </span>
    <button
      class="bg-bg-alt border border-accent rounded-[var(--border-radius)] text-accent cursor-pointer font-body font-bold tracking-wider py-2 px-4 uppercase transition-colors hover:bg-accent hover:text-bg badge"
      type="button"
    >
      1d4
    </button>
    <span
      style="white-space: break-spaces;"
    >
       now
    </span>
  </div>
</div>
`;
